. . . . . . C . . M . . M . . . . M . . . . M M M . M . . . . M
. M M . M M . . . M . . . . . . . M . . . . . . M . . . . M . .
M . . M . . . . . . . . . . . . . . . M M . . . . M M C . M . M
. . . . M . . M . . . . M . . . . . . . . T . . . . M M M . . M
. . . . . . . M . . . . . . . . M M M . . . M M . . . . . . M .
. . . . . . . . . . . . . . . . . . . . . . . . . . . . . . . M
. M D . . . . . . . . . . . . . . . . . . . . . . . . . . . . .
. . . M M . . . . . . . . . . . . . . . . . . . . . . M . . M .
. . . . . . . . . . . . . . . . . . . . . . . . . . . . M . . .
. M M . . C . . . . . . . . . . . . . . . . . . . . . . . C M M
. . . M M . . . . . . . . . . . . . . . . . . . . . . . . . . .
. . M . . . . . . . . . . . . . . . . . . . . . . . . . . . . .
. . M . . . . . . . . . . . . . . . . . . . . . . . . . . . M .
. M . . . . . . . . . . . . . . . . . . . . . . . . . . . . . .
. T M . . . . . . . . . . . . . . . . . . . . . . . . M . @ . .
M M . . . . . . . . . . . . . . . . . . . . . . . . . . . . . .
. . . . . . . . . . . . . . . . . . . . . . . . . . . M . . . M
. . . M . . . . . . . . . . . . . . . . . . . . . M . . . . M .
. . M . . . . . . . . . . . . . . . . . . . . . . . . M . . . M
. . . . . . . . . . . . . . . . . . . . . . . . . . . M . M . .
M . . . . . . . . . . . . . . . . . . . . . . . . . . . M . . .
. M M . . . . . . . . . . . . . . . . . . . . . . . . . M . . .
M . . . . . . . . . . . . . . . . . . . . . . . . . . . . . M .
. M M . . . . . . M . . . . . . . . . . . D . . . . . . . M M .
M . . . . . . . . . M . . . . . . . . . . . . . . . . . . M . M
M . . . M . . . . M . . . . . . . . . . . . . . . . . . . . . .
. M . . . . . . . . . . . . . . . . . . . . . . . . . . M . . M
M . . . M . M . . . . . . M . . . M . . . . M . . M . . . . . M
M . . . . M . . . . . . . M M . . . . . . . . M M . . . M . . M
. M . . . . . M . . . M . . . . M . . . . M . M . . . M . . . .
. M . M M . . . M M . . . M M . . M . M . . . M . . M M . . M .
. . M . . M . . . . . . . . . . . . M . C . M . M M C . . M . .